[    0.000000] Linux version 4.15.0-162-generic (buildd@lcy01-amd64-007) (gcc version 7.5.0 (Ubuntu 7.5.0-3ubuntu1~18.04)) #170-Ubuntu SMP Mon Oct 18 11:38:05 UTC 2021 (Ubuntu 4.15.0-162.170-generic 4.15.18)
[    0.000000] Command line: BOOT_IMAGE=/boot/vmlinuz-4.15.0-162-generic root=LABEL=cloudimg-rootfs ro console=tty1 console=ttyS0
[    0.000000] KERNEL supported cpus:
[    0.000000]   Intel GenuineIntel
[    0.000000]   AMD AuthenticAMD
[    0.000000]   Centaur CentaurHauls
[    0.000000] x86/fpu: Supporting XSAVE feature 0x001: 'x87 floating point registers'
[    0.000000] x86/fpu: Supporting XSAVE feature 0x002: 'SSE registers'
[    0.000000] x86/fpu: Supporting XSAVE feature 0x004: 'AVX registers'
[    0.000000] x86/fpu: xstate_offset[2]:  576, xstate_sizes[2]:  256
[    0.000000] x86/fpu: Enabled xstate features 0x7, context size is 832 bytes, using 'standard' format.
[    0.000000] e820: BIOS-provided physical RAM map:
[    0.000000] BIOS-e820: [mem 0x0000000000000000-0x000000000009fbff] usable
[    0.000000] BIOS-e820: [mem 0x000000000009fc00-0x000000000009ffff] reserved
[    0.000000] BIOS-e820: [mem 0x00000000000f0000-0x00000000000fffff] reserved
[    0.000000] BIOS-e820: [mem 0x0000000000100000-0x000000003ffeffff] usable
[    0.000000] BIOS-e820: [mem 0x000000003fff0000-0x000000003fffffff] ACPI data
[    0.000000] BIOS-e820: [mem 0x00000000fec00000-0x00000000fec00fff] reserved
[    0.000000] BIOS-e820: [mem 0x00000000fee00000-0x00000000fee00fff] reserved
[    0.000000] BIOS-e820: [mem 0x00000000fffc0000-0x00000000ffffffff] reserved
[    0.000000] NX (Execute Disable) protection: active
[    0.000000] SMBIOS 2.5 present.
[    0.000000] DMI: innotek GmbH VirtualBox/VirtualBox, BIOS VirtualBox 12/01/2006
[    0.000000] Hypervisor detected: KVM
[    0.000000] e820: last_pfn = 0x3fff0 max_arch_pfn = 0x400000000
[    0.000000] MTRR: Disabled
[    0.000000] x86/PAT: MTRRs disabled, skipping PAT initialization too.
[    0.000000] CPU MTRRs all blank - virtualized system.
[    0.000000] x86/PAT: Configuration [0-7]: WB  WT  UC- UC  WB  WT  UC- UC  
[    0.000000] found SMP MP-table at [mem 0x0009fff0-0x0009ffff]
[    0.000000] Scanning 1 areas for low memory corruption
[    0.000000] RAMDISK: [mem 0x359cd000-0x36cddfff]
[    0.000000] ACPI: Early table checksum verification disabled
[    0.000000] ACPI: RSDP 0x00000000000E0000 000024 (v02 VBOX  )
[    0.000000] ACPI: XSDT 0x000000003FFF0030 00003C (v01 VBOX   VBOXXSDT 00000001 ASL  00000061)
[    0.000000] ACPI: FACP 0x000000003FFF00F0 0000F4 (v04 VBOX   VBOXFACP 00000001 ASL  00000061)
[    0.000000] ACPI: DSDT 0x000000003FFF0470 002325 (v02 VBOX   VBOXBIOS 00000002 INTL 20120111)
[    0.000000] ACPI: FACS 0x000000003FFF0200 000040
[    0.000000] ACPI: FACS 0x000000003FFF0200 000040
[    0.000000] ACPI: APIC 0x000000003FFF0240 00005C (v02 VBOX   VBOXAPIC 00000001 ASL  00000061)
[    0.000000] ACPI: SSDT 0x000000003FFF02A0 0001CC (v01 VBOX   VBOXCPUT 00000002 INTL 20120111)
[    0.000000] ACPI: Reserving FACP table memory at [mem 0x3fff00f0-0x3fff01e3]
[    0.000000] ACPI: Reserving DSDT table memory at [mem 0x3fff0470-0x3fff2794]
[    0.000000] ACPI: Reserving FACS table memory at [mem 0x3fff0200-0x3fff023f]
[    0.000000] ACPI: Reserving FACS table memory at [mem 0x3fff0200-0x3fff023f]
[    0.000000] ACPI: Reserving APIC table memory at [mem 0x3fff0240-0x3fff029b]
[    0.000000] ACPI: Reserving SSDT table memory at [mem 0x3fff02a0-0x3fff046b]
[    0.000000] No NUMA configuration found
[    0.000000] Faking a node at [mem 0x0000000000000000-0x000000003ffeffff]
[    0.000000] NODE_DATA(0) allocated [mem 0x3ffc5000-0x3ffeffff]
[    0.000000] kvm-clock: cpu 0, msr 0:3ff44001, primary cpu clock
[    0.000000] kvm-clock: Using msrs 4b564d01 and 4b564d00
[    0.000000] kvm-clock: using sched offset of 3711186937 cycles
[    0.000000] clocksource: kvm-clock: mask: 0xffffffffffffffff max_cycles: 0x1cd42e4dffb, max_idle_ns: 881590591483 ns
[    0.000000] Zone ranges:
[    0.000000]   DMA      [mem 0x0000000000001000-0x0000000000ffffff]
[    0.000000]   DMA32    [mem 0x0000000001000000-0x000000003ffeffff]
[    0.000000]   Normal   empty
[    0.000000]   Device   empty
[    0.000000] Movable zone start for each node
[    0.000000] Early memory node ranges
[    0.000000]   node   0: [mem 0x0000000000001000-0x000000000009efff]
[    0.000000]   node   0: [mem 0x0000000000100000-0x000000003ffeffff]
[    0.000000] Reserved but unavailable: 104 pages
[    0.000000] Initmem setup node 0 [mem 0x0000000000001000-0x000000003ffeffff]
[    0.000000] ACPI: PM-Timer IO Port: 0x4008
[    0.000000] IOAPIC[0]: apic_id 2, version 32, address 0xfec00000, GSI 0-23
[    0.000000] ACPI: INT_SRC_OVR (bus 0 bus_irq 0 global_irq 2 dfl dfl)
[    0.000000] ACPI: INT_SRC_OVR (bus 0 bus_irq 9 global_irq 9 low level)
[    0.000000] Using ACPI (MADT) for SMP configuration information
[    0.000000] smpboot: Allowing 2 CPUs, 0 hotplug CPUs
[    0.000000] PM: Registered nosave memory: [mem 0x00000000-0x00000fff]
[    0.000000] PM: Registered nosave memory: [mem 0x0009f000-0x0009ffff]
[    0.000000] PM: Registered nosave memory: [mem 0x000a0000-0x000effff]
[    0.000000] PM: Registered nosave memory: [mem 0x000f0000-0x000fffff]
[    0.000000] e820: [mem 0x40000000-0xfebfffff] available for PCI devices
[    0.000000] Booting paravirtualized kernel on KVM
[    0.000000] clocksource: refined-jiffies: mask: 0xffffffff max_cycles: 0xffffffff, max_idle_ns: 7645519600211568 ns
[    0.000000] random: get_random_bytes called from start_kernel+0x99/0x500 with crng_init=0
[    0.000000] setup_percpu: NR_CPUS:8192 nr_cpumask_bits:2 nr_cpu_ids:2 nr_node_ids:1
[    0.000000] percpu: Embedded 45 pages/cpu s147456 r8192 d28672 u1048576
[    0.000000] PV qspinlock hash table entries: 256 (order: 0, 4096 bytes)
[    0.000000] Built 1 zonelists, mobility grouping on.  Total pages: 257913
[    0.000000] Policy zone: DMA32
[    0.000000] Kernel command line: BOOT_IMAGE=/boot/vmlinuz-4.15.0-162-generic root=LABEL=cloudimg-rootfs ro console=tty1 console=ttyS0
[    0.000000] Memory: 982716K/1048120K available (12300K kernel code, 2483K rwdata, 4320K rodata, 2448K init, 2724K bss, 65404K reserved, 0K cma-reserved)
[    0.000000] SLUB: HWalign=64, Order=0-3, MinObjects=0, CPUs=2, Nodes=1
[    0.000000] Kernel/User page tables isolation: enabled
[    0.000000] ftrace: allocating 39475 entries in 155 pages
[    0.004000] Hierarchical RCU implementation.
[    0.004000] 	RCU restricting CPUs from NR_CPUS=8192 to nr_cpu_ids=2.
[    0.004000] 	Tasks RCU enabled.
[    0.004000] RCU: Adjusting geometry for rcu_fanout_leaf=16, nr_cpu_ids=2
[    0.004000] NR_IRQS: 524544, nr_irqs: 440, preallocated irqs: 16
[    0.004000] Console: colour VGA+ 80x25
[    0.004000] console [tty1] enabled
[    0.004000] console [ttyS0] enabled
[    0.004000] ACPI: Core revision 20170831
[    0.004000] ACPI: 2 ACPI AML tables successfully acquired and loaded
[    0.004000] APIC: Switch to symmetric I/O mode setup
[    0.004000] x2apic enabled
[    0.004000] Switched APIC routing to physical x2apic.
[    0.004000] ..TIMER: vector=0x30 apic1=0 pin1=2 apic2=-1 pin2=-1
[    0.004003] tsc: Detected 2304.000 MHz processor
[    0.004805] Calibrating delay loop (skipped) preset value.. 4608.00 BogoMIPS (lpj=9216000)
[    0.005422] pid_max: default: 32768 minimum: 301
[    0.006249] Security Framework initialized
[    0.008001] Yama: becoming mindful.
[    0.009026] AppArmor: AppArmor initialized
[    0.010146] Dentry cache hash table entries: 131072 (order: 8, 1048576 bytes)
[    0.012051] Inode-cache hash table entries: 65536 (order: 7, 524288 bytes)
[    0.013355] Mount-cache hash table entries: 2048 (order: 2, 16384 bytes)
[    0.014457] Mountpoint-cache hash table entries: 2048 (order: 2, 16384 bytes)
[    0.016119] Last level iTLB entries: 4KB 64, 2MB 8, 4MB 8
[    0.017390] Last level dTLB entries: 4KB 64, 2MB 0, 4MB 0, 1GB 4
[    0.020003] Spectre V1 : Mitigation: usercopy/swapgs barriers and __user pointer sanitization
[    0.021410] Spectre V2 : Mitigation: Full generic retpoline
[    0.022371] Spectre V2 : Spectre v2 / SpectreRSB mitigation: Filling RSB on context switch
[    0.023735] Speculative Store Bypass: Vulnerable
[    0.024033] SRBDS: Unknown: Dependent on hypervisor status
[    0.024942] MDS: Mitigation: Clear CPU buffers
[    0.026412] Freeing SMP alternatives memory: 36K
[    0.137819] smpboot: CPU0: Intel(R) Core(TM) i9-9880H CPU @ 2.30GHz (family: 0x6, model: 0x9e, stepping: 0xd)
[    0.139759] Performance Events: unsupported p6 CPU model 158 no PMU driver, software events only.
[    0.140027] Hierarchical SRCU implementation.
[    0.141198] NMI watchdog: Perf event create on CPU 0 failed with -2
[    0.142529] NMI watchdog: Perf NMI watchdog permanently disabled
[    0.143881] smp: Bringing up secondary CPUs ...
[    0.144058] x86: Booting SMP configuration:
[    0.144779] .... node  #0, CPUs:      #1
[    0.004000] kvm-clock: cpu 1, msr 0:3ff44041, secondary cpu clock
[    0.150823] smp: Brought up 1 node, 2 CPUs
[    0.150823] smpboot: Max logical packages: 1
[    0.152004] smpboot: Total of 2 processors activated (9216.00 BogoMIPS)
[    0.153237] devtmpfs: initialized
[    0.153279] x86/mm: Memory block size: 128MB
[    0.156098] evm: security.selinux
[    0.156690] evm: security.SMACK64
[    0.157274] evm: security.SMACK64EXEC
[    0.158020] evm: security.SMACK64TRANSMUTE
[    0.160002] evm: security.SMACK64MMAP
[    0.160935] evm: security.apparmor
[    0.161605] evm: security.ima
[    0.162361] evm: security.capability
[    0.164074] clocksource: jiffies: mask: 0xffffffff max_cycles: 0xffffffff, max_idle_ns: 7645041785100000 ns
[    0.165759] futex hash table entries: 512 (order: 3, 32768 bytes)
[    0.166818] pinctrl core: initialized pinctrl subsystem
[    0.169020] RTC time: 15:56:02, date: 12/06/21
[    0.169929] NET: Registered protocol family 16
[    0.170787] audit: initializing netlink subsys (disabled)
[    0.172022] audit: type=2000 audit(1638806167.279:1): state=initialized audit_enabled=0 res=1
[    0.173651] cpuidle: using governor ladder
[    0.173651] cpuidle: using governor menu
[    0.173651] ACPI: bus type PCI registered
[    0.176003] acpiphp: ACPI Hot Plug PCI Controller Driver version: 0.5
[    0.177329] PCI: Using configuration type 1 for base access
[    0.178399] HugeTLB registered 2.00 MiB page size, pre-allocated 0 pages
[    0.180042] ACPI: Added _OSI(Module Device)
[    0.180771] ACPI: Added _OSI(Processor Device)
[    0.181533] ACPI: Added _OSI(3.0 _SCP Extensions)
[    0.182363] ACPI: Added _OSI(Processor Aggregator Device)
[    0.183272] ACPI: Added _OSI(Linux-Dell-Video)
[    0.184002] ACPI: Added _OSI(Linux-Lenovo-NV-HDMI-Audio)
[    0.184895] ACPI: Added _OSI(Linux-HPI-Hybrid-Graphics)
[    0.186144] ACPI: Executed 1 blocks of module-level executable AML code
[    0.190149] ACPI: Interpreter enabled
[    0.190800] ACPI: (supports S0 S5)
[    0.192002] ACPI: Using IOAPIC for interrupt routing
[    0.193077] PCI: Using host bridge windows from ACPI; if necessary, use "pci=nocrs" and report a bug
[    0.194779] ACPI: Enabled 2 GPEs in block 00 to 07
[    0.201105] ACPI: PCI Root Bridge [PCI0] (domain 0000 [bus 00-ff])
[    0.202468] acpi PNP0A03:00: _OSC: OS supports [ASPM ClockPM Segments MSI]
[    0.204249] acpi PNP0A03:00: _OSC: not requesting OS control; OS requires [ExtendedConfig ASPM ClockPM MSI]
[    0.206477] acpi PNP0A03:00: fail to add MMCONFIG information, can't access extended PCI configuration space under this bridge.
[    0.208454] PCI host bridge to bus 0000:00
[    0.209756] pci_bus 0000:00: root bus resource [io  0x0000-0x0cf7 window]
[    0.211335] pci_bus 0000:00: root bus resource [io  0x0d00-0xffff window]
[    0.212003] pci_bus 0000:00: root bus resource [mem 0x000a0000-0x000bffff window]
[    0.213807] pci_bus 0000:00: root bus resource [mem 0x40000000-0xfdffffff window]
[    0.216002] pci_bus 0000:00: root bus resource [bus 00-ff]
[    0.220387] pci 0000:00:01.1: legacy IDE quirk: reg 0x10: [io  0x01f0-0x01f7]
[    0.222179] pci 0000:00:01.1: legacy IDE quirk: reg 0x14: [io  0x03f6]
[    0.223280] pci 0000:00:01.1: legacy IDE quirk: reg 0x18: [io  0x0170-0x0177]
[    0.224002] pci 0000:00:01.1: legacy IDE quirk: reg 0x1c: [io  0x0376]
[    0.237065] pci 0000:00:07.0: quirk: [io  0x4000-0x403f] claimed by PIIX4 ACPI
[    0.239682] pci 0000:00:07.0: quirk: [io  0x4100-0x410f] claimed by PIIX4 SMB
[    0.248513] ACPI: PCI Interrupt Link [LNKA] (IRQs 5 9 10 *11)
[    0.249751] ACPI: PCI Interrupt Link [LNKB] (IRQs 5 9 *10 11)
[    0.250812] ACPI: PCI Interrupt Link [LNKC] (IRQs 5 *9 10 11)
[    0.251909] ACPI: PCI Interrupt Link [LNKD] (IRQs 5 9 10 *11)
[    0.252371] SCSI subsystem initialized
[    0.253385] pci 0000:00:02.0: vgaarb: setting as boot VGA device
[    0.253385] pci 0000:00:02.0: vgaarb: VGA device added: decodes=io+mem,owns=io+mem,locks=none
[    0.256010] pci 0000:00:02.0: vgaarb: bridge control possible
[    0.256977] vgaarb: loaded
[    0.257484] ACPI: bus type USB registered
[    0.258577] usbcore: registered new interface driver usbfs
[    0.260010] usbcore: registered new interface driver hub
[    0.262120] usbcore: registered new device driver usb
[    0.263172] EDAC MC: Ver: 3.0.0
[    0.264263] PCI: Using ACPI for IRQ routing
[    0.265058] NetLabel: Initializing
[    0.265678] NetLabel:  domain hash size = 128
[    0.266534] NetLabel:  protocols = UNLABELED CIPSOv4 CALIPSO
[    0.268014] NetLabel:  unlabeled traffic allowed by default
[    0.269433] clocksource: Switched to clocksource kvm-clock
[    0.278343] VFS: Disk quotas dquot_6.6.0
[    0.279222] VFS: Dquot-cache hash table entries: 512 (order 0, 4096 bytes)
[    0.280477] AppArmor: AppArmor Filesystem Enabled
[    0.281298] pnp: PnP ACPI init
[    0.282930] pnp: PnP ACPI: found 3 devices
[    0.291558] clocksource: acpi_pm: mask: 0xffffff max_cycles: 0xffffff, max_idle_ns: 2085701024 ns
[    0.294047] NET: Registered protocol family 2
[    0.294829] IP idents hash table entries: 16384 (order: 5, 131072 bytes)
[    0.297038] TCP established hash table entries: 8192 (order: 4, 65536 bytes)
[    0.298228] TCP bind hash table entries: 8192 (order: 5, 131072 bytes)
[    0.299314] TCP: Hash tables configured (established 8192 bind 8192)
[    0.300911] UDP hash table entries: 512 (order: 2, 16384 bytes)
[    0.302092] UDP-Lite hash table entries: 512 (order: 2, 16384 bytes)
[    0.303162] NET: Registered protocol family 1
[    0.303911] pci 0000:00:00.0: Limiting direct PCI/PCI transfers
[    0.304944] pci 0000:00:01.0: Activating ISA DMA hang workarounds
[    0.306005] pci 0000:00:02.0: Video device with shadowed ROM at [mem 0x000c0000-0x000dffff]
[    0.307619] Unpacking initramfs...
[    0.565640] Freeing initrd memory: 19524K
[    0.566524] clocksource: tsc: mask: 0xffffffffffffffff max_cycles: 0x2135f7c97c8, max_idle_ns: 440795273205 ns
[    0.568469] platform rtc_cmos: registered platform RTC device (no PNP device found)
[    0.570026] Scanning for low memory corruption every 60 seconds
[    0.571472] Initialise system trusted keyrings
[    0.572353] Key type blacklist registered
[    0.573092] workingset: timestamp_bits=36 max_order=18 bucket_order=0
[    0.574773] zbud: loaded
[    0.575575] squashfs: version 4.0 (2009/01/31) Phillip Lougher
[    0.577370] fuse init (API version 7.26)
[    0.579781] Key type asymmetric registered
[    0.580539] Asymmetric key parser 'x509' registered
[    0.581389] Block layer SCSI generic (bsg) driver version 0.4 loaded (major 246)
[    0.582965] io scheduler noop registered
[    0.583648] io scheduler deadline registered
[    0.584431] io scheduler cfq registered (default)
[    0.585616] ACPI: AC Adapter [AC] (off-line)
[    0.586451] input: Power Button as /devices/LNXSYSTM:00/LNXPWRBN:00/input/input0
[    0.587739] ACPI: Power Button [PWRF]
[    0.588467] input: Sleep Button as /devices/LNXSYSTM:00/LNXSLPBN:00/input/input1
[    0.589724] ACPI: Sleep Button [SLPF]
[    0.591845] ACPI: Battery Slot [BAT0] (battery present)
[    0.592169] Serial: 8250/16550 driver, 32 ports, IRQ sharing enabled
[    0.614757] 00:02: ttyS0 at I/O 0x3f8 (irq = 4, base_baud = 115200) is a 16550A
[    0.617224] Linux agpgart interface v0.103
[    0.618840] loop: module loaded
[    0.620161] scsi host0: ata_piix
[    0.621155] scsi host1: ata_piix
[    0.621774] ata1: PATA max UDMA/33 cmd 0x1f0 ctl 0x3f6 bmdma 0xd000 irq 14
[    0.622923] ata2: PATA max UDMA/33 cmd 0x170 ctl 0x376 bmdma 0xd008 irq 15
[    0.624161] libphy: Fixed MDIO Bus: probed
[    0.624982] tun: Universal TUN/TAP device driver, 1.6
[    0.625872] PPP generic driver version 2.4.2
[    0.626648] ehci_hcd: USB 2.0 'Enhanced' Host Controller (EHCI) Driver
[    0.627952] ehci-pci: EHCI PCI platform driver
[    0.628780] ehci-platform: EHCI generic platform driver
[    0.629684] ohci_hcd: USB 1.1 'Open' Host Controller (OHCI) Driver
[    0.630734] ohci-pci: OHCI PCI platform driver
[    0.631514] ohci-platform: OHCI generic platform driver
[    0.632452] uhci_hcd: USB Universal Host Controller Interface driver
[    0.633559] i8042: PNP: PS/2 Controller [PNP0303:PS2K,PNP0f03:PS2M] at 0x60,0x64 irq 1,12
[    0.635454] serio: i8042 KBD port at 0x60,0x64 irq 1
[    0.636378] serio: i8042 AUX port at 0x60,0x64 irq 12
[    0.637294] mousedev: PS/2 mouse device common for all mice
[    0.638549] input: AT Translated Set 2 keyboard as /devices/platform/i8042/serio0/input/input2
[    0.640510] rtc_cmos rtc_cmos: rtc core: registered rtc_cmos as rtc0
[    0.641600] rtc_cmos rtc_cmos: alarms up to one day, 114 bytes nvram
[    0.642652] i2c /dev entries driver
[    0.643287] device-mapper: uevent: version 1.0.3
[    0.644296] device-mapper: ioctl: 4.37.0-ioctl (2017-09-20) initialised: dm-devel@redhat.com
[    0.646054] ledtrig-cpu: registered to indicate activity on CPUs
[    0.647599] NET: Registered protocol family 10
[    0.650649] Segment Routing with IPv6
[    0.651303] NET: Registered protocol family 17
[    0.652799] Key type dns_resolver registered
[    0.653703] mce: Using 0 MCE banks
[    0.654311] RAS: Correctable Errors collector initialized.
[    0.655232] sched_clock: Marking stable (653662315, 0)->(817364437, -163702122)
[    0.656686] registered taskstats version 1
[    0.657405] Loading compiled-in X.509 certificates
[    0.659816] Loaded X.509 cert 'Build time autogenerated kernel key: ebed311aedd59d9a851620769f4a146e4e1d43c6'
[    0.663279] Loaded X.509 cert 'Canonical Ltd. Live Patch Signing: 14df34d1a87cf37625abec039ef2bf521249b969'
[    0.665404] Loaded X.509 cert 'Canonical Ltd. Kernel Module Signing: 88f752e560a1e0737e31163a466ad7b70a850c19'
[    0.667095] zswap: loaded using pool lzo/zbud
[    0.670220] Key type big_key registered
[    0.670901] Key type trusted registered
[    0.672631] Key type encrypted registered
[    0.673324] AppArmor: AppArmor sha1 policy hashing enabled
[    0.674247] ima: No TPM chip found, activating TPM-bypass! (rc=-19)
[    0.675781] ima: Allocated hash algorithm: sha1
[    0.677592] evm: HMAC attrs: 0x1
[    0.678720]   Magic number: 1:968:941
[    0.679442] rtc_cmos rtc_cmos: setting system clock to 2021-12-06 15:56:02 UTC (1638806162)
[    0.680970] BIOS EDD facility v0.16 2004-Jun-25, 0 devices found
[    0.682003] EDD information not available.
[    1.070514] Freeing unused kernel image memory: 2448K
[    1.084684] Write protecting the kernel read-only data: 20480k
[    1.087409] Freeing unused kernel image memory: 2008K
[    1.089010] Freeing unused kernel image memory: 1824K
[    1.098233] x86/mm: Checked W+X mappings: passed, no W+X pages found.
[    1.099533] x86/mm: Checking user space page tables
[    1.107404] x86/mm: Checked W+X mappings: passed, no W+X pages found.
Loading, please wait...
starting version 237
[    1.158717] e1000: Intel(R) PRO/1000 Network Driver - version 7.3.21-k8-NAPI
[    1.160191] e1000: Copyright (c) 1999-2006 Intel Corporation.
[    1.166805] Fusion MPT base driver 3.04.20
[    1.168113] Copyright (c) 1999-2008 LSI Corporation
[    1.172434] Fusion MPT SPI Host driver 3.04.20
[    1.181483] AVX2 version of gcm_enc/dec engaged.
[    1.182663] AES CTR mode by8 optimization enabled
[    1.379076] input: ImExPS/2 Generic Explorer Mouse as /devices/platform/i8042/serio1/input/input4
[    1.605167] e1000 0000:00:03.0 eth0: (PCI:33MHz:32-bit) 02:38:bc:e5:bf:66
[    1.606573] e1000 0000:00:03.0 eth0: Intel(R) PRO/1000 Network Connection
[    1.608939] mptbase: ioc0: Initiating bringup
[    2.488384] ioc0: LSI53C1030 A0: Capabilities={Initiator}
[    5.770358] scsi host2: ioc0: LSI53C1030 A0, FwRev=00000000h, Ports=1, MaxQ=256, IRQ=20
[    8.697904] scsi 2:0:0:0: Direct-Access     VBOX     HARDDISK         1.0  PQ: 0 ANSI: 5
[    8.732282] scsi target2:0:0: Beginning Domain Validation
[    8.737844] scsi target2:0:0: Domain Validation skipping write tests
[    8.739459] scsi target2:0:0: Ending Domain Validation
[    8.740982] scsi target2:0:0: asynchronous
[    8.742951] scsi 2:0:1:0: Direct-Access     VBOX     HARDDISK         1.0  PQ: 0 ANSI: 5
[    9.052604] scsi target2:0:1: Beginning Domain Validation
[    9.055622] random: fast init done
[    9.056747] scsi target2:0:1: Domain Validation skipping write tests
[    9.058173] scsi target2:0:1: Ending Domain Validation
[    9.059288] scsi target2:0:1: asynchronous
[    9.063756] random: systemd-udevd: uninitialized urandom read (16 bytes read)
[    9.063803] sd 2:0:0:0: Attached scsi generic sg0 type 0
[    9.065265] random: systemd-udevd: uninitialized urandom read (16 bytes read)
[    9.066460] sd 2:0:1:0: Attached scsi generic sg1 type 0
[    9.067861] random: systemd-udevd: uninitialized urandom read (16 bytes read)
[    9.070947] sd 2:0:0:0: [sda] 83886080 512-byte logical blocks: (42.9 GB/40.0 GiB)
[    9.072429] sd 2:0:1:0: [sdb] 20480 512-byte logical blocks: (10.5 MB/10.0 MiB)
[    9.073763] sd 2:0:0:0: [sda] Write Protect is off
[    9.074626] sd 2:0:1:0: [sdb] Write Protect is off
[    9.075500] sd 2:0:1:0: [sdb] Incomplete mode parameter data
[    9.076474] sd 2:0:1:0: [sdb] Assuming drive cache: write through
[    9.077753] sd 2:0:0:0: [sda] Incomplete mode parameter data
[    9.078721] sd 2:0:0:0: [sda] Assuming drive cache: write through
[    9.081366]  sda: sda1
[    9.083113] sd 2:0:0:0: [sda] Attached SCSI disk
[    9.084149] sd 2:0:1:0: [sdb] Attached SCSI disk
[    9.102369] e1000 0000:00:08.0 eth1: (PCI:33MHz:32-bit) 08:00:27:46:88:9c
[    9.103646] e1000 0000:00:08.0 eth1: Intel(R) PRO/1000 Network Connection
[    9.106367] e1000 0000:00:03.0 enp0s3: renamed from eth0
[    9.120374] e1000 0000:00:08.0 enp0s8: renamed from eth1
Begin: Loading essential drivers ... [   10.472166] raid6: sse2x1   gen() 14071 MB/s
[   10.520118] raid6: sse2x1   xor()  5618 MB/s
[   10.568119] raid6: sse2x2   gen() 14536 MB/s
[   10.616606] raid6: sse2x2   xor()  9826 MB/s
[   10.668522] raid6: sse2x4   gen() 15831 MB/s
[   10.716114] raid6: sse2x4   xor()  8819 MB/s
[   10.764152] raid6: avx2x1   gen() 22794 MB/s
[   10.812150] raid6: avx2x1   xor() 13850 MB/s
[   10.860118] raid6: avx2x2   gen() 26366 MB/s
[   10.908146] raid6: avx2x2   xor() 17605 MB/s
[   10.956241] raid6: avx2x4   gen() 27200 MB/s
[   11.004135] raid6: avx2x4   xor() 14829 MB/s
[   11.005110] raid6: using algorithm avx2x4 gen() 27200 MB/s
[   11.006533] raid6: .... xor() 14829 MB/s, rmw enabled
[   11.007721] raid6: using avx2x2 recovery algorithm
[   11.009834] xor: automatically using best checksumming function   avx       
[   11.012613] async_tx: api initialized (async)
done.
Begin: Running /scripts/init-premount ... done.
Begin: Mounting root file system ... Begin: Running /scripts/local-top ... done.
Begin: Running /scripts/local-premount ... [   11.059837] Btrfs loaded, crc32c=crc32c-intel
Scanning for Btrfs filesystems
done.
Warning: fsck not present, so skipping root file system
[   11.080243] EXT4-fs (sda1): mounted filesystem with ordered data mode. Opts: (null)
done.
Begin: Running /scripts/local-bottom ... done.
Begin: Running /scripts/init-bottom ... done.
[   11.195364] ip_tables: (C) 2000-2006 Netfilter Core Team
[   11.200678] systemd[1]: systemd 237 running in system mode. (+PAM +AUDIT +SELINUX +IMA +APPARMOR +SMACK +SYSVINIT +UTMP +LIBCRYPTSETUP +GCRYPT +GNUTLS +ACL +XZ +LZ4 +SECCOMP +BLKID +ELFUTILS +KMOD -IDN2 +IDN -PCRE2 default-hierarchy=hybrid)
[   11.204859] systemd[1]: Detected virtualization oracle.
[   11.205926] systemd[1]: Detected architecture x86-64.

Welcome to [1mUbuntu 18.04.6 LTS[0m!

[   11.211730] systemd[1]: Set hostname to <ubuntu>.
[   11.214797] systemd[1]: Initializing machine ID from random generator.
[   11.216284] systemd[1]: Installed transient /etc/machine-id file.
[   11.405009] systemd[1]: Set up automount Arbitrary Executable File Formats File System Automount Point.
[[0;32m  OK  [0m] Set up automount Arbitrary Executabâ€¦rmats File System Automount Point.
[   11.410211] systemd[1]: Created slice User and Session Slice.
[[0;32m  OK  [0m] Created slice User and Session Slice.
[   11.412503] systemd[1]: Started Forward Password Requests to Wall Directory Watch.
[[0;32m  OK  [0m] Started Forward Password Requests to Wall Directory Watch.
[   11.415233] systemd[1]: Created slice System Slice.
[[0;32m  OK  [0m] Created slice System Slice.
[[0;32m  OK  [0m] Listening on Journal Audit Socket.
[[0;32m  OK  [0m] Listening on Journal Socket.
[[0;32m  OK  [0m] Reached target Slices.
[[0;32m  OK  [0m] Listening on Syslog Socket.
[[0;32m  OK  [0m] Listening on Network Service Netlink Socket.
         Mounting Kernel Debug File System...
[[0;32m  OK  [0m] Listening on /dev/initctl Compatibility Named Pipe.
         Starting Uncomplicated firewall...
         Starting Set the console keyboard layout...
         Mounting Huge Pages File System...
[[0;32m  OK  [0m] Listening on Device-mapper event daemon FIFOs.
[[0;32m  OK  [0m] Created slice system-serial\x2dgetty.slice.
[[0;32m  OK  [0m] Listening on LVM2 metadata daemon socket.
         Starting Load Kernel Modules...
[[0;32m  OK  [0m] Listening on Journal Socket (/dev/log).
         Starting Journal Service...
[   11.485887] Loading iSCSI transport class v2.0-870.
[[0;32m  OK  [0m] Listening on fsck to fsckd communication Socket.
         Starting File System Check on Root Device...
         Starting Create list of required stâ€¦ce nodes for the current kernel...
[[0;32m  OK  [0m] Listening on udev Control Socket.
[   11.512311] iscsi: registered transport (tcp)
         Mounting POSIX Message Queue File System...
[[0;32m  OK  [0m] Listening on LVM2 poll daemon socket.
[[0;32m  OK  [0m] Listening on udev Kernel Socket.
         Starting udev Coldplug all Devices...
         Starting Monitoring of LVM2 mirrorsâ€¦ng dmeventd or progress polling...
[[0;32m  OK  [0m] Reached target Swap.
[[0;32m  OK  [0m] Reached target System Time Synchronized.
[[0;32m  OK  [0m] Reached target User and Group Name Lookups.
[[0;32m  OK  [0m] Started Journal Service.
[[0;32m  OK  [0m] Mounted Kernel Debug File System.
[[0;32m  OK  [0m] Started Uncomplicated firewall.
[[0;32m  OK  [0m] Mounted Huge Pages File System.
[[0;32m  OK  [0m] Mounted POSIX Message Queue File System.
[[0;32m  OK  [0m] Started File System Check Daemon to report status.
[[0;32m  OK  [0m] Started Create list of required staâ€¦vice nodes for the current kernel.
         Starting Create Static Device Nodes in /dev...
[[0;32m  OK  [0m] Started LVM2 metadata daemon.
[   11.572222] iscsi: registered transport (iser)
[[0;32m  OK  [0m] Started Load Kernel Modules.
         Mounting Kernel Configuration File System...
         Mounting FUSE Control File System...
         Starting Apply Kernel Variables...
[[0;32m  OK  [0m] Mounted FUSE Control File System.
[[0;32m  OK  [0m] Mounted Kernel Configuration File System.
[[0;32m  OK  [0m] Started udev Coldplug all Devices.
[[0;32m  OK  [0m] Started Create Static Device Nodes in /dev.
[[0;32m  OK  [0m] Started File System Check on Root Device.
         Starting Remount Root and Kernel File Systems...
[[0;32m  OK  [0m] Started Monitoring of LVM2 mirrors,â€¦sing dmeventd or progress polling.
[[0;32m  OK  [0m] Started Set the console keyboard layout.
[[0;32m  OK  [0m] Started Apply Kernel Variables.
[[0;32m  OK  [0m] Started Remount Root and Kernel File Systems.
         Starting udev Kernel Device Manager...
         Starting Load/Save Random Seed...
         Starting Flush Journal to Persistent Storage...
[[0;32m  OK  [0m] Reached target Local File Systems (Pre).
[[0;32m  OK  [0m] Reached target Local File Systems.
         Starting AppArmor initialization...
         Starting Tell Plymouth To Write Out Runtime Data...
         Starting Commit a transient machine-id on disk...
         Starting Set console font and keymap...
         Starting ebtables ruleset management...
[[0;32m  OK  [0m] Started udev Kernel Device Manager.
[[0;32m  OK  [0m] Started Load/Save Random Seed.
[[0;32m  OK  [0m] Started Set console font and keymap.
[[0;32m  OK  [0m] Started Dispatch Password Requests to Console Directory Watch.
[[0;32m  OK  [0m] Reached target Local Encrypted Volumes.
[[0;32m  OK  [0m] Started Tell Plymouth To Write Out Runtime Data.
[[0;32m  OK  [0m] Started Flush Journal to Persistent Storage.
[[0;32m  OK  [0m] Started Commit a transient machine-id on disk.
         Starting Create Volatile Files and Directories...
[[0;32m  OK  [0m] Started Create Volatile Files and Directories.
[[0;32m  OK  [0m] Started ebtables ruleset management.
         Starting Update UTMP about System Boot/Shutdown...
[[0;32m  OK  [0m] Started Update UTMP about System Boot/Shutdown.
[[0;32m  OK  [0m] Found device /dev/ttyS0.
[[0;32m  OK  [0m] Listening on Load/Save RF Kill Switch Status /dev/rfkill Watch.
[[0;32m  OK  [0m] Started AppArmor initialization.
         Starting Load AppArmor profiles managed internally by snapd...
         Starting Initial cloud-init job (pre-networking)...
[[0;32m  OK  [0m] Started Load AppArmor profiles managed internally by snapd.
[   13.168079] cloud-init[588]: Cloud-init v. 21.3-1-g6803368d-0ubuntu1~18.04.4 running 'init-local' at Mon, 06 Dec 2021 15:56:14 +0000. Up 12.91 seconds.
[[0;32m  OK  [0m] Started Initial cloud-init job (pre-networking).
[[0;32m  OK  [0m] Reached target Network (Pre).
         Starting Network Service...
[[0;32m  OK  [0m] Started Network Service.
         Starting Network Name Resolution...
         Starting Wait for Network to be Configured...
[[0;32m  OK  [0m] Started Network Name Resolution.
[[0;32m  OK  [0m] Reached target Host and Network Name Lookups.
[[0;32m  OK  [0m] Reached target Network.
[[0;32m  OK  [0m] Started Wait for Network to be Configured.
         Starting Initial cloud-init job (metadata service crawler)...
[   15.707511] cloud-init[688]: Cloud-init v. 21.3-1-g6803368d-0ubuntu1~18.04.4 running 'init' at Mon, 06 Dec 2021 15:56:17 +0000. Up 15.56 seconds.
[   15.709256] cloud-init[688]: ci-info: ++++++++++++++++++++++++++++++++++++++Net device info+++++++++++++++++++++++++++++++++++++++
[   15.711344] cloud-init[688]: ci-info: +--------+-------+----------------------------+---------------+--------+-------------------+
[   15.724602] cloud-init[688]: ci-info: | Device |   Up  |          Address           |      Mask     | Scope  |     Hw-Address    |
[   15.726162] cloud-init[688]: ci-info: +--------+-------+----------------------------+---------------+--------+-------------------+
[   15.728366] cloud-init[688]: ci-info: | enp0s3 |  True |         10.0.2.15          | 255.255.255.0 | global | 02:38:bc:e5:bf:66 |
[   15.740308] cloud-init[688]: ci-info: | enp0s3 |  True | fe80::38:bcff:fee5:bf66/64 |       .       |  link  | 02:38:bc:e5:bf:66 |
[   15.742960] cloud-init[688]: ci-info: | enp0s8 | False |             .              |       .       |   .    | 08:00:27:46:88:9c |
[   15.745669] cloud-init[688]: ci-info: |   lo   |  True |         127.0.0.1          |   255.0.0.0   |  host  |         .         |
[   15.748380] cloud-init[688]: ci-info: |   lo   |  True |          ::1/128           |       .       |  host  |         .         |
[   15.752772] cloud-init[688]: ci-info: +--------+-------+----------------------------+---------------+--------+-------------------+
[   15.755991] cloud-init[688]: ci-info: ++++++++++++++++++++++++++++Route IPv4 info+++++++++++++++++++++++++++++
[   15.758501] cloud-init[688]: ci-info: +-------+-------------+----------+-----------------+-----------+-------+
[   15.760683] cloud-init[688]: ci-info: | Route | Destination | Gateway  |     Genmask     | Interface | Flags |
[   15.762591] cloud-init[688]: ci-info: +-------+-------------+----------+-----------------+-----------+-------+
[   15.764536] cloud-init[688]: ci-info: |   0   |   0.0.0.0   | 10.0.2.2 |     0.0.0.0     |   enp0s3  |   UG  |
[   15.766642] cloud-init[688]: ci-info: |   1   |   10.0.2.0  | 0.0.0.0  |  255.255.255.0  |   enp0s3  |   U   |
[   15.768981] cloud-init[688]: ci-info: |   2   |   10.0.2.2  | 0.0.0.0  | 255.255.255.255 |   enp0s3  |   UH  |
[   15.771395] cloud-init[688]: ci-info: +-------+-------------+----------+-----------------+-----------+-------+
[   15.774316] cloud-init[688]: ci-info: +++++++++++++++++++Route IPv6 info+++++++++++++++++++
[   15.776454] cloud-init[688]: ci-info: +-------+-------------+---------+-----------+-------+
[   15.779875] cloud-init[688]: ci-info: | Route | Destination | Gateway | Interface | Flags |
[   15.781518] cloud-init[688]: ci-info: +-------+-------------+---------+-----------+-------+
[   15.783513] cloud-init[688]: ci-info: |   1   |  fe80::/64  |    ::   |   enp0s3  |   U   |
[   15.785363] cloud-init[688]: ci-info: |   3   |    local    |    ::   |   enp0s3  |   U   |
[   15.787103] cloud-init[688]: ci-info: |   4   |   ff00::/8  |    ::   |   enp0s3  |   U   |
[   15.789170] cloud-init[688]: ci-info: +-------+-------------+---------+-----------+-------+
[   16.249899] cloud-init[688]: Generating public/private rsa key pair.
[   16.260287] cloud-init[688]: Your identification has been saved in /etc/ssh/ssh_host_rsa_key.
[   16.272240] cloud-init[688]: Your public key has been saved in /etc/ssh/ssh_host_rsa_key.pub.
[[0;32m  OK  [0m] Started Initial cloud-init job (metadata service crawler).
[[0;32m  OK  [0m] Reached target Network is Online.
[   16.291170] cloud-init[688]: The key fingerprint is:
[   16.307193] cloud-init[688]:          Starting Availability of block devices...
[[0;32m  OK  [0m] Reached target Remote File Systems (Pre).
[[0;32m  OK  [0m] Reached target Remote File Systems.
[[0;32m  OK  [0m] Reached target Cloud-config availability.
[[0;32m  OK  [0m] Reached target System Initialization.
[[0;32m  OK  [0m] Started Discard unused blocks once a week.SHA256:Mp4frAakxqos6gilL0j7+JNTdPkYhu4yg0lqJNJNxd0 root@ubuntu-bionic
[   16.312156] cloud-init[688]: The key's randomart image is:
[   16.312793] cloud-init[688]: +---[RSA 2048]----+
[   16.313449] cloud-init[688]: |     . . .       |
[   16.314049] cloud-init[688]: |      o . E      |

[   16.314088] cloud-init[688]: |     .. .        |
[[0;32m  OK  [0m] Started Daily apt download activities.
[[0;32m  OK  [0m] Started Daily Cleanup of Temporary Directories.
[[0;32m  OK  [0m] Listening on Open-iSCSI iscsid Socket.
[   16.335273] cloud-init[688]: |    oo =         |
[   16.358306] cloud-init[688]: | o.=o = S        |
         [   16.374292] cloud-init[688]: |o*= o+ * .       |
[   16.374645] cloud-init[688]: |@o+ +.o o        |
[   16.374753] cloud-init[688]: |X*.B ..o .       |
[   16.374857] cloud-init[688]: |X=+o*.. .        |
[   16.374973] cloud-init[688]: +----[SHA256]-----+
[   16.375474] cloud-init[688]: Generating public/private dsa key pair.
[   16.375576] cloud-init[688]: Your identification has been saved in /etc/ssh/ssh_host_dsa_key.
[   16.375678] cloud-init[688]: Your public key has been saved in /etc/ssh/ssh_host_dsa_key.pub.
[   16.375839] cloud-init[688]: The key fingerprint is:
[   16.375937] cloud-init[688]: SHA256:OjOMQvRPZ1ZLTLUp/WEj5CPTJic7BStF5ZFFmFms/oA root@ubuntu-bionic
[   16.376040] Starting LXD - unix socket.
[[0;32m  OK  [0m] Listening on D-Bus System Message Bus Socket.
cloud-init[688]: The key's randomart image is:
[[0;32m  OK  [0m[   16.381705] ] cloud-initStarted Daily apt upgrade and clean activities.[688]: 
+---[DSA 1024]----+
[[   16.383398] cloud-init[688]: |         .=o=X+  |
[   16.383465] cloud-init[688]: |         + O=+.  |
[   16.384372] cloud-init[688]: |  .     . @ &.+  |
[   16.385022] cloud-init[688]: | . .     + %.= o |
[   16.385683] cloud-init[688]: |  . . . S +o  .  |
[   16.386283] cloud-init[688]: | .   = =  E.o    |
[   16.386943] cloud-init[688]: |  . . B      o   |
[   16.387376] cloud-init[688]: |   .   +      .  |
[   16.388336] cloud-init[688]: |                 |
[   16.388990] cloud-init[688]: +----[SHA256]-----+
[   16.389642] cloud-init[688]: Generating public/private ecdsa key pair.
[   16.390301] cloud-init[688]: Your identification has been saved in /etc/ssh/ssh_host_ecdsa_key.
[   16.390956] cloud-init[688]: Your public key has been saved in /etc/ssh/ssh_host_ecdsa_key.pub.
[   16.391612] cloud-init[688]: The key fingerprint is:
[   16.392508] cloud-init[688]: SHA256:aQTUEC2KA6LrS/AE1MjOy7FkmEqHQeWxNYyXN5aNFYE root@ubuntu-bionic
[0;32m  OK  [0m] Listening on cloud-init hotplug hook socket.
[   16.392729] cloud-init[688]: The key's randomart image is:
[[   16.397351] cloud-init[688]: +---[ECDSA 256]---+
[   16.397409] cloud-init[688]: |oo+oo+*=*+o      |
[   16.398060] cloud-init[688]: |++.o++oEo.       |
[0;32m  OK  [0m] Started Ubuntu Advantage Timer for running repeated jobs.
[   16.398636] cloud-init[688]: |Boo+..o.o        |
[[   16.408864] cloud-init[688]: |+Xo..  . .       |
[0;32m  OK  [0m] [   16.408926] Started Message of the Day.cloud-init
[688]: |B.*.    S        |
[[   16.410521] cloud-init[688]: |+*     .         |
[   16.410579] cloud-init[688]: |...              |
[   16.411184] cloud-init[688]: |..               |
[   16.411785] cloud-init[688]: | ..              |
[   16.412773] cloud-init[688]: +----[SHA256]-----+
[   16.413349] cloud-init[688]: Generating public/private ed25519 key pair.
[   16.413906] cloud-init[688]: Your identification has been saved in /etc/ssh/ssh_host_ed25519_key.
[   16.414469] cloud-init[688]: Your public key has been saved in /etc/ssh/ssh_host_ed25519_key.pub.
[   16.415014] cloud-init[688]: The key fingerprint is:
[   16.415560] cloud-init[688]: SHA256:IjFCXO8qH6Cc8e+gtqDiM20n2zG30CNXMdNqQcy+I7I root@ubuntu-bionic
[   16.416285] cloud-init[688]: The key's randomart image is:
[   16.416803] cloud-init[688]: +--[ED25519 256]--+
[   16.416984] cloud-init[688]: | ....   o.       |
[0;32m  OK  [0m] Listening on UUID daemon activation socket.
[   16.417590] cloud-init[688]: | ..  .  .o.      |
[[   16.421676] cloud-init[688]: |  . o . .= .     |
[   16.421727] cloud-init[688]: |   . +   .*      |
[   16.422288] cloud-init[688]: | .. . o S+.      |
[   16.422833] cloud-init[688]: |..+. +.ooo       |
[   16.423394] cloud-init[688]: |ooooo=o=. .      |
[   16.423935] cloud-init[688]: |++.*+EB o        |
[   16.424516] cloud-init[688]: |=+=.*+ .         |
[   16.425049] cloud-init[688]: +----[SHA256]-----+
[0;32m  OK  [0m] Started ACPI Events Check.
[[0;32m  OK  [0m] Reached target Timers.
[[0;32m  OK  [0m] Listening on ACPID Listen Socket.
         Starting Socket activation for snappy daemon.
[[0;32m  OK  [0m] Started Trigger to poll for Ubuntu â€¦(Only enabled on GCP LTS non-pro).
[[0;32m  OK  [0m] Reached target Paths.
[[0;32m  OK  [0m] Started Availability of block devices.
[[0;32m  OK  [0m] Listening on LXD - unix socket.
[[0;32m  OK  [0m] Listening on Socket activation for snappy daemon.
[[0;32m  OK  [0m] Reached target Sockets.
[[0;32m  OK  [0m] Reached target Basic System.
         Starting Accounts Service...
[[0;32m  OK  [0m] Started irqbalance daemon.
         Starting LSB: automatic crash report generation...
         Starting Dispatcher daemon for systemd-networkd...
         Starting Login Service...
         Starting Pollinate to seed the pseudo random number generator...
         Starting Snap Daemon...
         Starting LSB: Record successful boot for GRUB...
[[0;32m  OK  [0m] Started Regular background program processing daemon.
         Starting Virtualbox guest utils...
[[0;32m  OK  [0m] Started FUSE filesystem for LXC.
[[0;32m  OK  [0m] Started Deferred execution scheduler.
         Starting Permit User Sessions...
         Starting System Logging Service...
[[0;32m  OK  [0m] Started D-Bus System Message Bus.
[[0;32m  OK  [0m] Started Login Service.
[[0;32m  OK  [0m] Started Unattended Upgrades Shutdown.
         Starting LXD - container startup/shutdown...
[[0;32m  OK  [0m] Started Permit User Sessions.
         Starting Hold until boot process finishes up...
         Starting Terminate Plymouth Boot Screen...
[[0;32m  OK  [0m] Started Hold until boot process finishes up.
[[0;32m  OK  [0m] Started Terminate Plymouth Boot Screen.
[[0;32m  OK  [0m] Started Serial Getty on ttyS0.
         Starting Set console scheme...
[[0;32m  OK  [0m] Started Dispatcher daemon for systemd-networkd.
[[0;32m  OK  [0m] Started LSB: automatic crash report generation.
[[0;32m  OK  [0m] Started Set console scheme.
[[0;32m  OK  [0m] Created slice system-getty.slice.
[[0;32m  OK  [0m] Started Getty on tty1.
[[0;32m  OK  [0m] Reached target Login Prompts.
         Starting Authorization Manager...
[[0;32m  OK  [0m] Started System Logging Service.
[[0;32m  OK  [0m] Started LSB: Record successful boot for GRUB.
[[0;32m  OK  [0m] Started LXD - container startup/shutdown.
[[0;32m  OK  [0m] Started Authorization Manager.
[[0;32m  OK  [0m] Started Accounts Service.
[[0;32m  OK  [0m] Started Virtualbox guest utils.
[[0;32m  OK  [0m] Started Snap Daemon.
         Starting Wait until snapd is fully seeded...
[[0;32m  OK  [0m] Started Pollinate to seed the pseudo random number generator.
         Starting OpenBSD Secure Shell server...
[[0;32m  OK  [0m] Started OpenBSD Secure Shell server.
[[0;32m  OK  [0m] Started Wait until snapd is fully seeded.
[[0;32m  OK  [0m] Reached target Multi-User System.
[[0;32m  OK  [0m] Reached target Graphical Interface.
         Starting Update UTMP about System Runlevel Changes...
         Starting Apply the settings specified in cloud-config...
[[0;32m  OK  [0m] Started Update UTMP about System Runlevel Changes.
[[0;32m  OK  [0m] Created slice User Slice of vagrant.
         Starting User Manager for UID 1000...
[[0;32m  OK  [0m] Started Session 1 of user vagrant.
[[0;32m  OK  [0m] Started User Manager for UID 1000.
[   18.930972] cloud-init[1242]: Cloud-init v. 21.3-1-g6803368d-0ubuntu1~18.04.4 running 'modules:config' at Mon, 06 Dec 2021 15:56:20 +0000. Up 18.55 seconds.
[[0;32m  OK  [0m] Started Apply the settings specified in cloud-config.
         Starting Execute cloud user/final scripts...
ci-info: no authorized SSH keys fingerprints found for user ubuntu.
<14>Dec  6 15:56:21 cloud-init: #############################################################
<14>Dec  6 15:56:21 cloud-init: -----BEGIN SSH HOST KEY FINGERPRINTS-----
<14>Dec  6 15:56:21 cloud-init: 1024 SHA256:OjOMQvRPZ1ZLTLUp/WEj5CPTJic7BStF5ZFFmFms/oA root@ubuntu-bionic (DSA)
<14>Dec  6 15:56:21 cloud-init: 256 SHA256:aQTUEC2KA6LrS/AE1MjOy7FkmEqHQeWxNYyXN5aNFYE root@ubuntu-bionic (ECDSA)
<14>Dec  6 15:56:21 cloud-init: 256 SHA256:IjFCXO8qH6Cc8e+gtqDiM20n2zG30CNXMdNqQcy+I7I root@ubuntu-bionic (ED25519)
<14>Dec  6 15:56:21 cloud-init: 2048 SHA256:Mp4frAakxqos6gilL0j7+JNTdPkYhu4yg0lqJNJNxd0 root@ubuntu-bionic (RSA)
<14>Dec  6 15:56:21 cloud-init: -----END SSH HOST KEY FINGERPRINTS-----
<14>Dec  6 15:56:21 cloud-init: #############################################################
-----BEGIN SSH HOST KEY KEYS-----
ecdsa-sha2-nistp256 AAAAE2VjZHNhLXNoYTItbmlzdHAyNTYAAAAIbmlzdHAyNTYAAABBBPeg2PAy6VD+3TV3SS0XbSWvb3xg0+N/yQb4/Xr2LX7TiXK8p4f74OHegk3uS9yzJVtDTlkV9tj/pY8OfTN2PeM= root@ubuntu-bionic
ssh-ed25519 AAAAC3NzaC1lZDI1NTE5AAAAIL6mrQQxjXUEyXuwmVLHRNI9U0S6fQtW+EzxH3J+T60H root@ubuntu-bionic
ssh-rsa AAAAB3NzaC1yc2EAAAADAQABAAABAQD1VNKVB9tCiT9x4W5xoPrFzmbFOm+EmX9aL5Fue1a90DUZhTsDMbCObMNg4SnfH6HidEALk1LXHWUQL3ZGcSQail4NMNcI2ZvR1f40d0J+PHXZJnj/vH7G3kRIAg+CEeEfkBwG/cPl8WW1/Mq9E/mclxmYAkZQrqqR0Zb/v+XoDP/7udUE7VsFJcQEAMbYOnWem2pAohiotDq8BWal9P/THTOGv2R2cIr+4loQTRFDI1MEB6KSx7UIQDWoG+tQHZuAW7ZyfByifQ/dLr9rv4ap6q2f4JrnjJQs24O4OgMkN1Tce7sO59JsNJDyFuld+XXhtQI2YN5PaIIXzBVgzkej root@ubuntu-bionic
-----END SSH HOST KEY KEYS-----
[   19.562918] cloud-init[1343]: Cloud-init v. 21.3-1-g6803368d-0ubuntu1~18.04.4 running 'modules:final' at Mon, 06 Dec 2021 15:56:21 +0000. Up 19.31 seconds.
[   19.580202] cloud-init[1343]: ci-info: no authorized SSH keys fingerprints found for user ubuntu.
[   19.592263] cloud-init[1343]: Cloud-init v. 21.3-1-g6803368d-0ubuntu1~18.04.4 finished at Mon, 06 Dec 2021 15:56:21 +0000. Datasource DataSourceNoCloud [seed=/dev/sdb][dsmode=net].  Up 19.55 seconds
[[0;32m  OK  [0m] Started Execute cloud user/final scripts.
[[0;32m  OK  [0m] Reached target Cloud-init target.

Ubuntu 18.04.6 LTS ubuntu-bionic ttyS0

ubuntu-bionic login: 